<html>
<body>
<pre>
<h1>µVision Build Log</h1>
<h2>Tool Versions:</h2>
IDE-Version: ¶ÃVision V5.26.2.0
Copyright (C) 2018 ARM Ltd and ARM Germany GmbH. All rights reserved.
License Information: È‰ „Â, Wali, LIC=R4HPC-7EHQ4-23TM4-FBE2Q-4KUDU-VHB4F
 
Tool Versions:
Toolchain:       MDK-ARM Professional  Version: 5.26.2.0
Toolchain Path:  F:\Tools\Keil\ARM\ARMCC\Bin
C Compiler:      Armcc.exe V5.06 update 6 (build 750)
Assembler:       Armasm.exe V5.06 update 6 (build 750)
Linker/Locator:  ArmLink.exe V5.06 update 6 (build 750)
Library Manager: ArmAr.exe V5.06 update 6 (build 750)
Hex Converter:   FromElf.exe V5.06 update 6 (build 750)
CPU DLL:         SARMCM3.DLL V5.26.2.0
Dialog DLL:      DARMCM1.DLL V1.19.1.0
Target DLL:      STLink\ST-LINKIII-KEIL_SWO.dll V3.0.5.0
Dialog DLL:      TARMCM1.DLL V1.14.0.0
 
<h2>Project:</h2>
E:\Work\2.4\New_2.4\test\user\main.uvprojx
Project File Date:  11/15/2018

<h2>Output:</h2>
*** Using Compiler 'V5.06 update 6 (build 750)', folder: 'F:\Tools\Keil\ARM\ARMCC\Bin'
Rebuild target 'Target 1'
assembling startup_stm32f0xx.s...
compiling system_stm32f0xx.c...
compiling stm32f0xx_it.c...
compiling ili9328.c...
compiling led.c...
compiling key.c...
compiling rf24l01.c...
compiling gui.c...
compiling adc.c...
compiling xpt2046.c...
compiling w25x16.c...
compiling uart.c...
compiling time.c...
compiling user.c...
compiling main.c...
main.c(60): warning:  #550-D: variable "i"  was set but never used
  	uint8_t i;
main.c: 1 warning, 0 errors
compiling fiash.c...
compiling stm32f0xx_spi.c...
compiling delay.c...
compiling stm32f0xx_gpio.c...
compiling stm32f0xx_exti.c...
compiling stm32f0xx_rcc.c...
compiling stm32f0xx_misc.c...
compiling stm32f0xx_syscfg.c...
compiling stm32f0xx_adc.c...
compiling stm32f0xx_dma.c...
compiling stm32f0xx_usart.c...
compiling stm32f0xx_flash.c...
compiling stm32f0xx_tim.c...
linking...
Program Size: Code=9596 RO-data=224 RW-data=100 ZI-data=1644  
FromELF: creating hex file...
".\main.axf" - 0 Error(s), 1 Warning(s).

<h2>Software Packages used:</h2>

Package Vendor: ARM
                http://www.keil.com/pack/ARM.CMSIS.5.4.0.pack
                ARM.CMSIS.5.4.0
                CMSIS (Cortex Microcontroller Software Interface Standard)
   * Component: CORE Version: 5.1.2

Package Vendor: Keil
                http://www.keil.com/pack/Keil.STM32F0xx_DFP.2.0.0.pack
                Keil.STM32F0xx_DFP.2.0.0
                STMicroelectronics STM32F0 Series Device Support, Drivers and Examples

<h2>Collection of Component include folders:</h2>
  .\RTE\_Target_1
  F:\Tools\Keil\ARM\PACK\ARM\CMSIS\5.4.0\CMSIS\Core\Include
  F:\Tools\Keil\ARM\PACK\Keil\STM32F0xx_DFP\2.0.0\Drivers\CMSIS\Device\ST\STM32F0xx\Include

<h2>Collection of Component Files used:</h2>

   * Component: ARM::CMSIS:CORE:5.1.2
Build Time Elapsed:  00:00:12
</pre>
</body>
</html>
